Component: ARM Compiler 5.05 (build 41) Tool: armlink [4d0eb9]

==============================================================================

Section Cross References

    device_main.o(.text) refers to nrfunit_device.o(.text) for nrfunit_device_init
    device_main.o(.text) refers to noretval__2printf.o(.text) for __2printf
    all_tests.o(.text) refers to _printf_percent.o(.ARM.Collect$$_printf_percent$$00000000) for _printf_percent
    all_tests.o(.text) refers to _printf_s.o(.ARM.Collect$$_printf_percent$$00000014) for _printf_s
    all_tests.o(.text) refers to _printf_str.o(.text) for _printf_str
    all_tests.o(.text) refers to noretval__2printf.o(.text) for __2printf
    all_tests.o(.text) refers to ts_example_basic.o(.text) for ts_example_basic
    all_tests.o(.text) refers to ts_example_another.o(.text) for ts_example_another
    all_tests.o(.text) refers to nrfunit_device.o(.data) for test_suites_run
    ts_example_basic.o(.text) refers to _printf_percent.o(.ARM.Collect$$_printf_percent$$00000000) for _printf_percent
    ts_example_basic.o(.text) refers to _printf_s.o(.ARM.Collect$$_printf_percent$$00000014) for _printf_s
    ts_example_basic.o(.text) refers to _printf_str.o(.text) for _printf_str
    ts_example_basic.o(.text) refers to noretval__2printf.o(.text) for __2printf
    ts_example_basic.o(.text) refers to nrfunit_device.o(.data) for asserts_run
    ts_example_another.o(.text) refers to _printf_percent.o(.ARM.Collect$$_printf_percent$$00000000) for _printf_percent
    ts_example_another.o(.text) refers to _printf_s.o(.ARM.Collect$$_printf_percent$$00000014) for _printf_s
    ts_example_another.o(.text) refers to _printf_str.o(.text) for _printf_str
    ts_example_another.o(.text) refers to noretval__2printf.o(.text) for __2printf
    ts_example_another.o(.text) refers to nrfunit_device.o(.data) for asserts_run
    ts_example_another.o(.text) refers to ts_example_another.o(.conststring) for .conststring
    nrfunit_device.o(.text) refers to _printf_percent.o(.ARM.Collect$$_printf_percent$$00000000) for _printf_percent
    nrfunit_device.o(.text) refers to _printf_s.o(.ARM.Collect$$_printf_percent$$00000014) for _printf_s
    nrfunit_device.o(.text) refers to _printf_str.o(.text) for _printf_str
    nrfunit_device.o(.text) refers to _printf_u.o(.ARM.Collect$$_printf_percent$$0000000A) for _printf_u
    nrfunit_device.o(.text) refers to _printf_dec.o(.text) for _printf_int_dec
    nrfunit_device.o(.text) refers to log4nrf.o(.text) for log4nrf_init
    nrfunit_device.o(.text) refers to noretval__2printf.o(.text) for __2printf
    nrfunit_device.o(.text) refers to all_tests.o(.text) for all_tests
    nrfunit_device.o(.text) refers to nrf_delay.o(.text) for nrf_delay_ms
    nrfunit_device.o(.text) refers to nrfunit_device.o(.data) for test_suites_run
    log4nrf.o(.text) refers to simple_uart.o(.text) for simple_uart_put
    log4nrf.o(.text) refers to nrf_delay.o(.text) for nrf_delay_ms
    bsp.o(.text) refers to bsp.o(i.__ARM_common_switch8) for __ARM_common_switch8
    bsp.o(.text) refers to aeabi_sdiv.o(.text) for __aeabi_uidivmod
    bsp.o(.text) refers to app_timer.o(.text) for app_timer_start
    bsp.o(.text) refers to bsp.o(.constdata) for m_buttons_list
    bsp.o(.text) refers to bsp.o(.data) for m_registered_callback
    bsp.o(.text) refers to app_button.o(.text) for app_button_init
    bsp.o(.text) refers to app_error.o(.text) for app_error_handler
    bsp.o(.constdata) refers to bsp.o(.text) for bsp_button_event_handler
    arm_startup_nrf51.o(STACK) refers (Special) to heapauxi.o(.text) for __use_two_region_memory
    arm_startup_nrf51.o(HEAP) refers (Special) to heapauxi.o(.text) for __use_two_region_memory
    arm_startup_nrf51.o(RESET) refers (Special) to heapauxi.o(.text) for __use_two_region_memory
    arm_startup_nrf51.o(RESET) refers to arm_startup_nrf51.o(STACK) for __initial_sp
    arm_startup_nrf51.o(RESET) refers to arm_startup_nrf51.o(.text) for Reset_Handler
    arm_startup_nrf51.o(RESET) refers to app_gpiote.o(.text) for GPIOTE_IRQHandler
    arm_startup_nrf51.o(RESET) refers to app_timer.o(.text) for RTC1_IRQHandler
    arm_startup_nrf51.o(RESET) refers to softdevice_handler.o(.text) for SWI2_IRQHandler
    arm_startup_nrf51.o(.text) refers (Special) to heapauxi.o(.text) for __use_two_region_memory
    arm_startup_nrf51.o(.text) refers to system_nrf51.o(.text) for SystemInit
    arm_startup_nrf51.o(.text) refers to __main.o(!!!main) for __main
    arm_startup_nrf51.o(.text) refers to arm_startup_nrf51.o(HEAP) for Heap_Mem
    arm_startup_nrf51.o(.text) refers to arm_startup_nrf51.o(STACK) for Stack_Mem
    system_nrf51.o(.text) refers to system_nrf51.o(.data) for SystemCoreClock
    ble_srv_common.o(.text) refers to app_error.o(.text) for app_error_handler
    ble_srv_common.o(.text) refers to strlen.o(.text) for strlen
    ble_advdata.o(.text) refers to rt_memcpy.o(.text) for __aeabi_memcpy
[...]
    init_alloc.o(.text) refers (Special) to hguard.o(.text) for __heap$guard
    init_alloc.o(.text) refers (Special) to libinit2.o(.ARM.Collect$$libinit$$00000005) for __rt_lib_init_heap_2
    init_alloc.o(.text) refers (Special) to maybetermalloc1.o(.emb_text) for _maybe_terminate_alloc
    init_alloc.o(.text) refers to h1_extend.o(.text) for __Heap_ProvideMemory
    init_alloc.o(.text) refers to defsig_rtmem_outer.o(.text) for __rt_SIGRTMEM
    init_alloc.o(.text) refers to rt_heap_descriptor_intlibspace.o(.text) for __rt_heap_descriptor
    init_alloc.o(.text) refers to h1_init.o(.text) for __Heap_Initialize
    malloc.o(.text) refers (Special) to hguard.o(.text) for __heap$guard
    malloc.o(.text) refers (Special) to init_alloc.o(.text) for _init_alloc
    malloc.o(.text) refers to rt_heap_descriptor_intlibspace.o(.text) for __rt_heap_descriptor
    h1_alloc.o(.text) refers (Special) to h1_init.o(.text) for __Heap_Initialize
    h1_alloc.o(.text) refers to rt_heap_descriptor_intlibspace.o(.text) for __rt_heap_descriptor
    h1_alloc.o(.text) refers to init_alloc.o(.text) for __Heap_Full
    h1_alloc_mt.o(.text) refers (Special) to h1_init.o(.text) for __Heap_Initialize
    h1_alloc_mt.o(.text) refers to init_alloc.o(.text) for __Heap_Full
    h1_alloc_mt.o(.text) refers to rt_heap_descriptor_intlibspace.o(.text) for __rt_heap_descriptor
    fseek.o(.text) refers to sys_io.o(.text) for _sys_istty
    fseek.o(.text) refers to ftell.o(.text) for _ftell_internal
    fseek.o(.text) refers to stdio.o(.text) for _seterr
    stdio.o(.text) refers to sys_io.o(.text) for _sys_seek
    defsig_exit.o(.text) refers to sys_exit.o(.text) for _sys_exit
    defsig_fpe_inner.o(.text) refers to defsig_general.o(.text) for __default_signal_display
    defsig_rtred_inner.o(.text) refers to defsig_general.o(.text) for __default_signal_display
    sys_exit.o(.text) refers (Special) to use_no_semi.o(.text) for __I$use$semihosting
    sys_exit.o(.text) refers (Special) to indicate_semi.o(.text) for __semihosting_library_function
    rtexit2.o(.ARM.Collect$$rtexit$$00000003) refers to libshutdown.o(.ARM.Collect$$libshutdown$$00000000) for __rt_lib_shutdown
    rtexit2.o(.ARM.Collect$$rtexit$$00000004) refers to sys_exit.o(.text) for _sys_exit
    rtexit2.o(.ARM.exidx) refers to rtexit2.o(.ARM.Collect$$rtexit$$00000001) for .ARM.Collect$$rtexit$$00000001
    rtexit2.o(.ARM.exidx) refers to rtexit2.o(.ARM.Collect$$rtexit$$00000003) for .ARM.Collect$$rtexit$$00000003
    rtexit2.o(.ARM.exidx) refers to rtexit2.o(.ARM.Collect$$rtexit$$00000004) for .ARM.Collect$$rtexit$$00000004
    maybetermalloc2.o(.emb_text) refers (Special) to term_alloc.o(.text) for _terminate_alloc
    h1_extend.o(.text) refers to h1_free.o(.text) for free
    h1_extend_mt.o(.text) refers to h1_free_mt.o(.text) for _free_internal
    ftell.o(.text) refers to rt_errno_addr_intlibspace.o(.text) for __aeabi_errno_addr
    __raise.o(.text) refers to defsig.o(CL$$defsig) for __default_signal_handler
    defsig_general.o(.text) refers to sys_wrch.o(.text) for _ttywrch
    defsig_rtmem_outer.o(.text) refers to defsig_rtmem_inner.o(.text) for __rt_SIGRTMEM_inner
    defsig_rtmem_outer.o(.text) refers to defsig_exit.o(.text) for __sig_exit
    defsig_rtmem_formal.o(.text) refers to rt_raise.o(.text) for __rt_raise
    heapauxa.o(.text) refers to heapauxa.o(.data) for .data
    _get_argv.o(.text) refers (Special) to hrguard.o(.text) for __heap_region$guard
    _get_argv.o(.text) refers to h1_alloc.o(.text) for malloc
    _get_argv.o(.text) refers to defsig_rtmem_outer.o(.text) for __rt_SIGRTMEM
    _get_argv.o(.text) refers to sys_command.o(.text) for _sys_command_string
    _get_argv_nomalloc.o(.text) refers (Special) to hrguard.o(.text) for __heap_region$guard
    _get_argv_nomalloc.o(.text) refers to defsig_rtmem_outer.o(.text) for __rt_SIGRTMEM
    _get_argv_nomalloc.o(.text) refers to sys_command.o(.text) for _sys_command_string
    sys_wrch.o(.text) refers (Special) to use_no_semi.o(.text) for __I$use$semihosting
    sys_wrch.o(.text) refers (Special) to indicate_semi.o(.text) for __semihosting_library_function
    sys_command.o(.text) refers (Special) to use_no_semi.o(.text) for __I$use$semihosting
    sys_command.o(.text) refers (Special) to indicate_semi.o(.text) for __semihosting_library_function
    rt_errno_addr.o(.text) refers to rt_errno_addr.o(.bss) for __aeabi_errno_addr_data
    rt_errno_addr_intlibspace.o(.text) refers to libspace.o(.bss) for __libspace_start
    term_alloc.o(.text) refers (Special) to libshutdown2.o(.ARM.Collect$$libshutdown$$0000000D) for __rt_lib_shutdown_heap_2
    term_alloc.o(.text) refers to rt_heap_descriptor_intlibspace.o(.text) for __rt_heap_descriptor
    defsig_rtmem_inner.o(.text) refers to defsig_general.o(.text) for __default_signal_display
    defsig.o(CL$$defsig) refers to defsig_fpe_inner.o(.text) for __rt_SIGFPE_inner
    defsig.o(CL$$defsig) refers to defsig_rtred_inner.o(.text) for __rt_SIGRTRED_inner
    defsig.o(CL$$defsig) refers to defsig_rtmem_inner.o(.text) for __rt_SIGRTMEM_inner
    libshutdown.o(.ARM.Collect$$libshutdown$$00000000) refers (Special) to libshutdown2.o(.ARM.Collect$$libshutdown$$00000006) for __rt_lib_shutdown_fp_trap_1
    libshutdown.o(.ARM.Collect$$libshutdown$$00000000) refers (Special) to libshutdown2.o(.ARM.Collect$$libshutdown$$0000000E) for __rt_lib_shutdown_heap_1
    libshutdown.o(.ARM.Collect$$libshutdown$$00000000) refers (Special) to libshutdown2.o(.ARM.Collect$$libshutdown$$0000000F) for __rt_lib_shutdown_return
    libshutdown.o(.ARM.Collect$$libshutdown$$00000000) refers (Special) to libshutdown2.o(.ARM.Collect$$libshutdown$$00000009) for __rt_lib_shutdown_signal_1
    libshutdown.o(.ARM.Collect$$libshutdown$$00000000) refers (Special) to libshutdown2.o(.ARM.Collect$$libshutdown$$00000003) for __rt_lib_shutdown_stdio_1
    libshutdown.o(.ARM.Collect$$libshutdown$$00000000) refers (Special) to libshutdown2.o(.ARM.Collect$$libshutdown$$0000000B) for __rt_lib_shutdown_user_alloc_1
    defsig_abrt_inner.o(.text) refers to defsig_general.o(.text) for __default_signal_display
    defsig_stak_inner.o(.text) refers to defsig_general.o(.text) for __default_signal_display
    defsig_pvfn_inner.o(.text) refers to defsig_general.o(.text) for __default_signal_display
    defsig_cppl_inner.o(.text) refers to defsig_general.o(.text) for __default_signal_display
    defsig_segv_inner.o(.text) refers to defsig_general.o(.text) for __default_signal_display
    defsig_other.o(.text) refers to defsig_general.o(.text) for __default_signal_display


==============================================================================

Removing Unused input sections from the image.

    Removing nrfunit_device.o(.rev16_text), (4 bytes).
    Removing nrfunit_device.o(.revsh_text), (4 bytes).
    Removing nrfunit_device.o(.emb_text), (30 bytes).
    Removing log4nrf.o(.rev16_text), (4 bytes).
    Removing log4nrf.o(.revsh_text), (4 bytes).
    Removing log4nrf.o(.emb_text), (30 bytes).
    Removing bsp.o(.rev16_text), (4 bytes).
    Removing bsp.o(.revsh_text), (4 bytes).
    Removing bsp.o(.text), (1948 bytes).
    Removing bsp.o(.constdata), (48 bytes).
    Removing bsp.o(.data), (28 bytes).
    Removing system_nrf51.o(.rev16_text), (4 bytes).
    Removing system_nrf51.o(.revsh_text), (4 bytes).
    Removing ble_srv_common.o(.text), (80 bytes).
    Removing ble_advdata.o(.text), (1536 bytes).
    Removing ble_conn_params.o(.text), (776 bytes).
    Removing ble_conn_params.o(.bss), (28 bytes).
    Removing ble_conn_params.o(.data), (25 bytes).
    Removing nrf_delay.o(.rev16_text), (4 bytes).
    Removing nrf_delay.o(.revsh_text), (4 bytes).
    Removing simple_uart.o(.rev16_text), (4 bytes).
    Removing simple_uart.o(.revsh_text), (4 bytes).
    Removing app_button.o(.rev16_text), (4 bytes).
    Removing app_button.o(.revsh_text), (4 bytes).
    Removing app_button.o(.text), (636 bytes).
    Removing app_button.o(.data), (32 bytes).
    Removing app_error.o(.rev16_text), (4 bytes).
    Removing app_error.o(.revsh_text), (4 bytes).
    Removing app_gpiote.o(.rev16_text), (4 bytes).
    Removing app_gpiote.o(.revsh_text), (4 bytes).
    Removing app_scheduler.o(.rev16_text), (4 bytes).
    Removing app_scheduler.o(.revsh_text), (4 bytes).
    Removing app_scheduler.o(.text), (560 bytes).
    Removing app_scheduler.o(.data), (14 bytes).
    Removing app_timer.o(.rev16_text), (4 bytes).
    Removing app_timer.o(.revsh_text), (4 bytes).
    Removing softdevice_handler.o(.rev16_text), (4 bytes).
    Removing softdevice_handler.o(.revsh_text), (4 bytes).
    Removing bsp.o(i.__ARM_common_switch8), (28 bytes).

39 unused section(s) (total 5895 bytes) removed from the image.

==============================================================================

Image Symbol Table

    Local Symbols

    Symbol Name                              Value     Ov Type        Size  Object(Section)

    RESET                                    0x00000000   Section      192  arm_startup_nrf51.o(RESET)
    ../clib/angel/boardlib.s                 0x00000000   Number         0  boardinit3.o ABSOLUTE
    ../clib/angel/boardlib.s                 0x00000000   Number         0  boardshut.o ABSOLUTE
    ../clib/angel/boardlib.s                 0x00000000   Number         0  boardinit1.o ABSOLUTE
    ../clib/angel/boardlib.s                 0x00000000   Number         0  boardinit2.o ABSOLUTE
    ../clib/angel/handlers.s                 0x00000000   Number         0  __scatter_zi.o ABSOLUTE
    ../clib/angel/handlers.s                 0x00000000   Number         0  __scatter_copy.o ABSOLUTE
    ../clib/angel/kernel.s                   0x00000000   Number         0  __rtentry2.o ABSOLUTE
    ../clib/angel/kernel.s                   0x00000000   Number         0  rtexit.o ABSOLUTE
    ../clib/angel/kernel.s                   0x00000000   Number         0  __rtentry4.o ABSOLUTE
    ../clib/angel/kernel.s                   0x00000000   Number         0  rtexit2.o ABSOLUTE
    ../clib/angel/kernel.s                   0x00000000   Number         0  __rtentry.o ABSOLUTE
    ../clib/angel/rt.s                       0x00000000   Number         0  aeabi_idiv0_sigfpe.o ABSOLUTE
    ../clib/angel/rt.s                       0x00000000   Number         0  rt_div0.o ABSOLUTE
    ../clib/angel/rt.s                       0x00000000   Number         0  rt_raise.o ABSOLUTE
    ../clib/angel/rt.s                       0x00000000   Number         0  rt_heap_descriptor_intlibspace.o ABSOLUTE
    ../clib/angel/rt.s                       0x00000000   Number         0  rt_heap_descriptor.o ABSOLUTE
    ../clib/angel/rt.s                       0x00000000   Number         0  aeabi_idiv0.o ABSOLUTE
    ../clib/angel/rt.s                       0x00000000   Number         0  rt_errno_addr_intlibspace.o ABSOLUTE
    ../clib/angel/rt.s                       0x00000000   Number         0  rt_errno_addr.o ABSOLUTE
    ../clib/angel/scatterp.s                 0x00000000   Number         0  __scatter.o ABSOLUTE
    ../clib/angel/startup.s                  0x00000000   Number         0  __main.o ABSOLUTE
    ../clib/angel/sys.s                      0x00000000   Number         0  libspace.o ABSOLUTE
    ../clib/angel/sys.s                      0x00000000   Number         0  use_no_semi.o ABSOLUTE
    ../clib/angel/sys.s                      0x00000000   Number         0  indicate_semi.o ABSOLUTE
    ../clib/angel/sys.s                      0x00000000   Number         0  tempstk.o ABSOLUTE
    ../clib/angel/sys.s                      0x00000000   Number         0  mutex_dummy.o ABSOLUTE
    ../clib/angel/sys.s                      0x00000000   Number         0  sys_stackheap_outer.o ABSOLUTE
    ../clib/angel/sysapp.c                   0x00000000   Number         0  sys_exit.o ABSOLUTE
    ../clib/angel/sysapp.c                   0x00000000   Number         0  sys_io.o ABSOLUTE
    ../clib/angel/sysapp.c                   0x00000000   Number         0  sys_command.o ABSOLUTE
    ../clib/angel/sysapp.c                   0x00000000   Number         0  sys_wrch.o ABSOLUTE
    ../clib/armsys.c                         0x00000000   Number         0  _get_argv.o ABSOLUTE
    ../clib/armsys.c                         0x00000000   Number         0  argv_veneer.o ABSOLUTE
    ../clib/armsys.c                         0x00000000   Number         0  _get_argv_nomalloc.o ABSOLUTE
    ../clib/armsys.c                         0x00000000   Number         0  no_argv.o ABSOLUTE
    ../clib/division.c                       0x00000000   Number         0  rtudiv10.o ABSOLUTE
    ../clib/division.s                       0x00000000   Number         0  aeabi_sdiv_div0.o ABSOLUTE
    ../clib/division.s                       0x00000000   Number         0  aeabi_sdiv.o ABSOLUTE
    ../clib/heap1.c                          0x00000000   Number         0  h1_free.o ABSOLUTE
    ../clib/heap1.c                          0x00000000   Number         0  h1_extend_mt.o ABSOLUTE
    ../clib/heap1.c                          0x00000000   Number         0  h1_init_mt.o ABSOLUTE
    ../clib/heap1.c                          0x00000000   Number         0  h1_extend.o ABSOLUTE
    ../clib/heap1.c                          0x00000000   Number         0  h1_final_mt.o ABSOLUTE
    ../clib/heap1.c                          0x00000000   Number         0  h1_alloc_mt.o ABSOLUTE
    ../clib/heap1.c                          0x00000000   Number         0  h1_alloc.o ABSOLUTE
    ../clib/heap1.c                          0x00000000   Number         0  h1_final.o ABSOLUTE
    ../clib/heap1.c                          0x00000000   Number         0  h1_init.o ABSOLUTE
    ../clib/heap1.c                          0x00000000   Number         0  h1_free_mt.o ABSOLUTE
    ../clib/heap2.c                          0x00000000   Number         0  heap2mt.o ABSOLUTE
    ../clib/heap2.c                          0x00000000   Number         0  fdtree.o ABSOLUTE
    ../clib/heap2.c                          0x00000000   Number         0  heap2.o ABSOLUTE
    ../clib/heapalloc.c                      0x00000000   Number         0  init_alloc.o ABSOLUTE
    ../clib/heapalloc.c                      0x00000000   Number         0  hguard.o ABSOLUTE
    ../clib/heapalloc.c                      0x00000000   Number         0  maybetermalloc2.o ABSOLUTE
    ../clib/heapalloc.c                      0x00000000   Number         0  free.o ABSOLUTE
    ../clib/heapalloc.c                      0x00000000   Number         0  heapstubs.o ABSOLUTE
    ../clib/heapalloc.c                      0x00000000   Number         0  maybetermalloc1.o ABSOLUTE
    ../clib/heapalloc.c                      0x00000000   Number         0  maybetermalloc2.o ABSOLUTE
    ../clib/heapalloc.c                      0x00000000   Number         0  hrguard.o ABSOLUTE
    ../clib/heapalloc.c                      0x00000000   Number         0  maybetermalloc1.o ABSOLUTE
    ../clib/heapalloc.c                      0x00000000   Number         0  malloc.o ABSOLUTE
    ../clib/heapalloc.c                      0x00000000   Number         0  term_alloc.o ABSOLUTE
    ../clib/heapaux.c                        0x00000000   Number         0  heapauxa.o ABSOLUTE
    ../clib/heapaux.c                        0x00000000   Number         0  heapauxi.o ABSOLUTE
    ../clib/libinit.s                        0x00000000   Number         0  libshutdown.o ABSOLUTE
    ../clib/libinit.s                        0x00000000   Number         0  libinit.o ABSOLUTE
    ../clib/libinit.s                        0x00000000   Number         0  libshutdown2.o ABSOLUTE
    ../clib/libinit.s                        0x00000000   Number         0  libinit2.o ABSOLUTE
    ../clib/memcpset.c                       0x00000000   Number         0  rt_memcpy.o ABSOLUTE
    ../clib/memcpset.c                       0x00000000   Number         0  rt_memcpy.o ABSOLUTE
    ../clib/memcpset.c                       0x00000000   Number         0  rt_memclr.o ABSOLUTE
    ../clib/printf.c                         0x00000000   Number         0  __printf_flags_ss.o ABSOLUTE
    ../clib/printf.c                         0x00000000   Number         0  __printf_ss.o ABSOLUTE
    ../clib/printf.c                         0x00000000   Number         0  __printf_flags.o ABSOLUTE
    ../clib/printf.c                         0x00000000   Number         0  _printf_dec.o ABSOLUTE
    ../clib/printf.c                         0x00000000   Number         0  __printf_nopercent.o ABSOLUTE
    ../clib/printf.c                         0x00000000   Number         0  _printf_str.o ABSOLUTE
    ../clib/printf.c                         0x00000000   Number         0  noretval__2printf.o ABSOLUTE
    ../clib/printf.c                         0x00000000   Number         0  __2printf.o ABSOLUTE
    ../clib/printf.c                         0x00000000   Number         0  _printf_char_file.o ABSOLUTE
    ../clib/printf.c                         0x00000000   Number         0  _printf_char_common.o ABSOLUTE
    ../clib/printf.c                         0x00000000   Number         0  _printf_intcommon.o ABSOLUTE
    ../clib/printf.c                         0x00000000   Number         0  __printf.o ABSOLUTE
    ../clib/printf.c                         0x00000000   Number         0  __printf_flags_ss_wp.o ABSOLUTE
    ../clib/printf.c                         0x00000000   Number         0  _printf_char.o ABSOLUTE
    ../clib/printf.c                         0x00000000   Number         0  __printf_ss_wp.o ABSOLUTE
    ../clib/printf.c                         0x00000000   Number         0  __printf_flags_wp.o ABSOLUTE
    ../clib/printf.c                         0x00000000   Number         0  __printf_wp.o ABSOLUTE
    ../clib/printf_percent.s                 0x00000000   Number         0  _printf_percent_end.o ABSOLUTE
    ../clib/printf_percent.s                 0x00000000   Number         0  _printf_s.o ABSOLUTE
    ../clib/printf_percent.s                 0x00000000   Number         0  _printf_u.o ABSOLUTE
    ../clib/printf_percent.s                 0x00000000   Number         0  _printf_percent.o ABSOLUTE
    ../clib/signal.c                         0x00000000   Number         0  __raise.o ABSOLUTE
    ../clib/signal.c                         0x00000000   Number         0  defsig_rtred_inner.o ABSOLUTE
    ../clib/signal.c                         0x00000000   Number         0  defsig_fpe_inner.o ABSOLUTE
    ../clib/signal.c                         0x00000000   Number         0  defsig_exit.o ABSOLUTE
    ../clib/signal.c                         0x00000000   Number         0  defsig_rtred_outer.o ABSOLUTE
    ../clib/signal.c                         0x00000000   Number         0  defsig_rtmem_formal.o ABSOLUTE
    ../clib/signal.c                         0x00000000   Number         0  defsig_stak_inner.o ABSOLUTE
    ../clib/signal.c                         0x00000000   Number         0  defsig_rtmem_outer.o ABSOLUTE
    ../clib/signal.c                         0x00000000   Number         0  defsig_general.o ABSOLUTE
    ../clib/signal.c                         0x00000000   Number         0  defsig_rtred_formal.o ABSOLUTE
    ../clib/signal.c                         0x00000000   Number         0  defsig_fpe_outer.o ABSOLUTE
    ../clib/signal.c                         0x00000000   Number         0  defsig_abrt_inner.o ABSOLUTE
    ../clib/signal.c                         0x00000000   Number         0  defsig_pvfn_inner.o ABSOLUTE
    ../clib/signal.c                         0x00000000   Number         0  defsig_cppl_inner.o ABSOLUTE
    ../clib/signal.c                         0x00000000   Number         0  defsig_segv_inner.o ABSOLUTE
    ../clib/signal.c                         0x00000000   Number         0  defsig_fpe_formal.o ABSOLUTE
    ../clib/signal.c                         0x00000000   Number         0  defsig_other.o ABSOLUTE
    ../clib/signal.c                         0x00000000   Number         0  defsig_rtmem_inner.o ABSOLUTE
    ../clib/signal.s                         0x00000000   Number         0  defsig.o ABSOLUTE
    ../clib/stdio.c                          0x00000000   Number         0  initio_locked.o ABSOLUTE
    ../clib/stdio.c                          0x00000000   Number         0  ferror_locked.o ABSOLUTE
    ../clib/stdio.c                          0x00000000   Number         0  initio.o ABSOLUTE
    ../clib/stdio.c                          0x00000000   Number         0  ftell.o ABSOLUTE
    ../clib/stdio.c                          0x00000000   Number         0  ferror.o ABSOLUTE
    ../clib/stdio.c                          0x00000000   Number         0  setvbuf_locked.o ABSOLUTE
    ../clib/stdio.c                          0x00000000   Number         0  stdio_streams.o ABSOLUTE
    ../clib/stdio.c                          0x00000000   Number         0  fopen_locked.o ABSOLUTE
    ../clib/stdio.c                          0x00000000   Number         0  fseek.o ABSOLUTE
    ../clib/stdio.c                          0x00000000   Number         0  stdio.o ABSOLUTE
    ../clib/stdio.c                          0x00000000   Number         0  fclose.o ABSOLUTE
    ../clib/stdio.c                          0x00000000   Number         0  fopen.o ABSOLUTE
    ../clib/stdio.c                          0x00000000   Number         0  streamlock.o ABSOLUTE
    ../clib/stdio.c                          0x00000000   Number         0  setvbuf.o ABSOLUTE
    ../clib/stdlib.c                         0x00000000   Number         0  exit.o ABSOLUTE
    ../clib/string.c                         0x00000000   Number         0  strlen.o ABSOLUTE
    ../fplib/cfplib/fpinit.c                 0x00000000   Number         0  fpinit.o ABSOLUTE
    ..\..\..\..\..\log4nrf.c                 0x00000000   Number         0  log4nrf.o ABSOLUTE
    ..\..\..\..\..\nrfunit_device.c          0x00000000   Number         0  nrfunit_device.o ABSOLUTE
    ..\..\..\all_tests.c                     0x00000000   Number         0  all_tests.o ABSOLUTE
    ..\..\..\device_main.c                   0x00000000   Number         0  device_main.o ABSOLUTE
    ..\..\..\ts_example_another.c            0x00000000   Number         0  ts_example_another.o ABSOLUTE
    ..\..\..\ts_example_basic.c              0x00000000   Number         0  ts_example_basic.o ABSOLUTE
    ..\\..\\..\\..\\..\\log4nrf.c            0x00000000   Number         0  log4nrf.o ABSOLUTE
    ..\\..\\..\\..\\..\\nrfunit_device.c     0x00000000   Number         0  nrfunit_device.o ABSOLUTE
    C:\Keil_v5\ARM\PACK\NordicSemiconductor\nRF_BLE\1.1.0\common\ble_srv_common.c 0x00000000   Number         0  ble_srv_common.o ABSOLUTE
    C:\Keil_v5\ARM\PACK\NordicSemiconductor\nRF_Drivers\1.2.0\hal\nrf_delay.c 0x00000000   Number         0  nrf_delay.o ABSOLUTE
    C:\\Keil_v5\\ARM\\PACK\\NordicSemiconductor\\nRF_Drivers\\1.2.0\\hal\\nrf_delay.c 0x00000000   Number         0  nrf_delay.o ABSOLUTE
    RTE\Board_Support\nRF51422_xxAC\bsp.c    0x00000000   Number         0  bsp.o ABSOLUTE
    RTE\Device\nRF51422_xxAC\arm_startup_nrf51.s 0x00000000   Number         0  arm_startup_nrf51.o ABSOLUTE
    RTE\Device\nRF51422_xxAC\system_nrf51.c  0x00000000   Number         0  system_nrf51.o ABSOLUTE
    RTE\\Board_Support\\nRF51422_xxAC\\bsp.c 0x00000000   Number         0  bsp.o ABSOLUTE
    RTE\\Device\\nRF51422_xxAC\\system_nrf51.c 0x00000000   Number         0  system_nrf51.o ABSOLUTE
    RTE\\nRF_Drivers\\nRF51422_xxAC\\simple_uart.c 0x00000000   Number         0  simple_uart.o ABSOLUTE
    RTE\\nRF_Libraries\\nRF51422_xxAC\\app_button.c 0x00000000   Number         0  app_button.o ABSOLUTE
    RTE\\nRF_Libraries\\nRF51422_xxAC\\app_error.c 0x00000000   Number         0  app_error.o ABSOLUTE
    RTE\\nRF_Libraries\\nRF51422_xxAC\\app_gpiote.c 0x00000000   Number         0  app_gpiote.o ABSOLUTE
    RTE\\nRF_Libraries\\nRF51422_xxAC\\app_scheduler.c 0x00000000   Number         0  app_scheduler.o ABSOLUTE
    RTE\\nRF_Libraries\\nRF51422_xxAC\\app_timer.c 0x00000000   Number         0  app_timer.o ABSOLUTE
    RTE\\nRF_SoftDevice\\nRF51422_xxAC\\softdevice_handler.c 0x00000000   Number         0  softdevice_handler.o ABSOLUTE
    RTE\nRF_BLE\nRF51422_xxAC\ble_advdata.c  0x00000000   Number         0  ble_advdata.o ABSOLUTE
    RTE\nRF_BLE\nRF51422_xxAC\ble_conn_params.c 0x00000000   Number         0  ble_conn_params.o ABSOLUTE
    RTE\nRF_Drivers\nRF51422_xxAC\simple_uart.c 0x00000000   Number         0  simple_uart.o ABSOLUTE
    RTE\nRF_Libraries\nRF51422_xxAC\app_button.c 0x00000000   Number         0  app_button.o ABSOLUTE
    RTE\nRF_Libraries\nRF51422_xxAC\app_error.c 0x00000000   Number         0  app_error.o ABSOLUTE
    RTE\nRF_Libraries\nRF51422_xxAC\app_gpiote.c 0x00000000   Number         0  app_gpiote.o ABSOLUTE
    RTE\nRF_Libraries\nRF51422_xxAC\app_scheduler.c 0x00000000   Number         0  app_scheduler.o ABSOLUTE
    RTE\nRF_Libraries\nRF51422_xxAC\app_timer.c 0x00000000   Number         0  app_timer.o ABSOLUTE
    RTE\nRF_Libraries\nRF51422_xxAC\nrf_assert.c 0x00000000   Number         0  nrf_assert.o ABSOLUTE
    RTE\nRF_SoftDevice\nRF51422_xxAC\softdevice_handler.c 0x00000000   Number         0  softdevice_handler.o ABSOLUTE
    dc.s                                     0x00000000   Number         0  dc.o ABSOLUTE
    !!!main                                  0x000000c0   Section        8  __main.o(!!!main)
    !!!scatter                               0x000000c8   Section       60  __scatter.o(!!!scatter)
    !!handler_copy                           0x00000104   Section       26  __scatter_copy.o(!!handler_copy)
    !!handler_zi                             0x00000120   Section       28  __scatter_zi.o(!!handler_zi)
    .ARM.Collect$$_printf_percent$$00000000  0x0000013c   Section        2  _printf_percent.o(.ARM.Collect$$_printf_percent$$00000000)
    .ARM.Collect$$_printf_percent$$0000000A  0x0000013e   Section       10  _printf_u.o(.ARM.Collect$$_printf_percent$$0000000A)
    .ARM.Collect$$_printf_percent$$00000014  0x00000148   Section       10  _printf_s.o(.ARM.Collect$$_printf_percent$$00000014)
    .ARM.Collect$$_printf_percent$$00000017  0x00000152   Section        4  _printf_percent_end.o(.ARM.Collect$$_printf_percent$$00000017)
    .ARM.Collect$$libinit$$00000000          0x00000156   Section        2  libinit.o(.ARM.Collect$$libinit$$00000000)
    .ARM.Collect$$libinit$$00000002          0x00000158   Section        0  libinit2.o(.ARM.Collect$$libinit$$00000002)
    .ARM.Collect$$libinit$$00000004          0x00000158   Section        0  libinit2.o(.ARM.Collect$$libinit$$00000004)
    .ARM.Collect$$libinit$$00000005          0x00000158   Section        8  libinit2.o(.ARM.Collect$$libinit$$00000005)
    .ARM.Collect$$libinit$$0000000A          0x00000160   Section        0  libinit2.o(.ARM.Collect$$libinit$$0000000A)
    .ARM.Collect$$libinit$$0000000C          0x00000160   Section        0  libinit2.o(.ARM.Collect$$libinit$$0000000C)
    .ARM.Collect$$libinit$$0000000E          0x00000160   Section        0  libinit2.o(.ARM.Collect$$libinit$$0000000E)
    .ARM.Collect$$libinit$$00000011          0x00000160   Section        0  libinit2.o(.ARM.Collect$$libinit$$00000011)
    .ARM.Collect$$libinit$$00000013          0x00000160   Section        0  libinit2.o(.ARM.Collect$$libinit$$00000013)
    .ARM.Collect$$libinit$$00000015          0x00000160   Section        0  libinit2.o(.ARM.Collect$$libinit$$00000015)
    .ARM.Collect$$libinit$$00000017          0x00000160   Section        0  libinit2.o(.ARM.Collect$$libinit$$00000017)
    .ARM.Collect$$libinit$$00000019          0x00000160   Section        0  libinit2.o(.ARM.Collect$$libinit$$00000019)
    .ARM.Collect$$libinit$$0000001B          0x00000160   Section        0  libinit2.o(.ARM.Collect$$libinit$$0000001B)
    .ARM.Collect$$libinit$$0000001D          0x00000160   Section        0  libinit2.o(.ARM.Collect$$libinit$$0000001D)
    .ARM.Collect$$libinit$$0000001F          0x00000160   Section        0  libinit2.o(.ARM.Collect$$libinit$$0000001F)
    .ARM.Collect$$libinit$$00000021          0x00000160   Section        0  libinit2.o(.ARM.Collect$$libinit$$00000021)
    .ARM.Collect$$libinit$$00000023          0x00000160   Section        0  libinit2.o(.ARM.Collect$$libinit$$00000023)
    .ARM.Collect$$libinit$$00000024          0x00000160   Section        4  libinit2.o(.ARM.Collect$$libinit$$00000024)
    .ARM.Collect$$libinit$$00000025          0x00000164   Section        0  libinit2.o(.ARM.Collect$$libinit$$00000025)
    .ARM.Collect$$libinit$$0000002C          0x00000164   Section        0  libinit2.o(.ARM.Collect$$libinit$$0000002C)
    .ARM.Collect$$libinit$$0000002E          0x00000164   Section        0  libinit2.o(.ARM.Collect$$libinit$$0000002E)
    .ARM.Collect$$libinit$$00000030          0x00000164   Section        0  libinit2.o(.ARM.Collect$$libinit$$00000030)
    .ARM.Collect$$libinit$$00000032          0x00000164   Section        0  libinit2.o(.ARM.Collect$$libinit$$00000032)
    .ARM.Collect$$libinit$$00000033          0x00000164   Section        2  libinit2.o(.ARM.Collect$$libinit$$00000033)
    .ARM.Collect$$libshutdown$$00000000      0x00000166   Section        2  libshutdown.o(.ARM.Collect$$libshutdown$$00000000)
    .ARM.Collect$$libshutdown$$00000002      0x00000168   Section        4  libshutdown2.o(.ARM.Collect$$libshutdown$$00000002)
    .ARM.Collect$$libshutdown$$00000003      0x0000016c   Section        0  libshutdown2.o(.ARM.Collect$$libshutdown$$00000003)
    .ARM.Collect$$libshutdown$$00000006      0x0000016c   Section        0  libshutdown2.o(.ARM.Collect$$libshutdown$$00000006)
    .ARM.Collect$$libshutdown$$00000009      0x0000016c   Section        0  libshutdown2.o(.ARM.Collect$$libshutdown$$00000009)
    .ARM.Collect$$libshutdown$$0000000B      0x0000016c   Section        0  libshutdown2.o(.ARM.Collect$$libshutdown$$0000000B)
    .ARM.Collect$$libshutdown$$0000000E      0x0000016c   Section        0  libshutdown2.o(.ARM.Collect$$libshutdown$$0000000E)
    .ARM.Collect$$libshutdown$$0000000F      0x0000016c   Section        2  libshutdown2.o(.ARM.Collect$$libshutdown$$0000000F)
    .ARM.Collect$$rtentry$$00000000          0x0000016e   Section        0  __rtentry.o(.ARM.Collect$$rtentry$$00000000)
    .ARM.Collect$$rtentry$$00000002          0x0000016e   Section        0  __rtentry2.o(.ARM.Collect$$rtentry$$00000002)
    .ARM.Collect$$rtentry$$00000004          0x0000016e   Section        6  __rtentry4.o(.ARM.Collect$$rtentry$$00000004)
    .ARM.Collect$$rtentry$$00000009          0x00000174   Section        0  __rtentry2.o(.ARM.Collect$$rtentry$$00000009)
    .ARM.Collect$$rtentry$$0000000A          0x00000174   Section        4  __rtentry2.o(.ARM.Collect$$rtentry$$0000000A)
    .ARM.Collect$$rtentry$$0000000C          0x00000178   Section        0  __rtentry2.o(.ARM.Collect$$rtentry$$0000000C)
    .ARM.Collect$$rtentry$$0000000D          0x00000178   Section        8  __rtentry2.o(.ARM.Collect$$rtentry$$0000000D)
    .ARM.Collect$$rtexit$$00000000           0x00000180   Section        2  rtexit.o(.ARM.Collect$$rtexit$$00000000)
    .ARM.Collect$$rtexit$$00000002           0x00000182   Section        0  rtexit2.o(.ARM.Collect$$rtexit$$00000002)
    .ARM.Collect$$rtexit$$00000003           0x00000182   Section        4  rtexit2.o(.ARM.Collect$$rtexit$$00000003)
    .ARM.Collect$$rtexit$$00000004           0x00000186   Section        6  rtexit2.o(.ARM.Collect$$rtexit$$00000004)
    .emb_text                                0x0000018c   Section       30  nrf_delay.o(.emb_text)
    .emb_text                                0x000001ac   Section       30  simple_uart.o(.emb_text)
    .emb_text                                0x000001cc   Section       30  app_timer.o(.emb_text)
    .emb_text                                0x000001ec   Section        0  maybetermalloc1.o(.emb_text)
    .text                                    0x000001ec   Section        0  device_main.o(.text)
    .text                                    0x0000022c   Section        0  all_tests.o(.text)
    .text                                    0x000002b8   Section        0  ts_example_basic.o(.text)
    test_example_basic_bool                  0x000002b9   Thumb Code    58  ts_example_basic.o(.text)
    test_example_more_stuff                  0x000002f3   Thumb Code    60  ts_example_basic.o(.text)
    .text                                    0x00000484   Section        0  ts_example_another.o(.text)
    test_example_success                     0x00000485   Thumb Code    30  ts_example_another.o(.text)
    test_example_failure                     0x000004a3   Thumb Code    16  ts_example_another.o(.text)
    .text                                    0x0000054c   Section        0  nrfunit_device.o(.text)
    nrf_gpio_cfg_output                      0x00000681   Thumb Code    18  nrfunit_device.o(.text)
    nrf_gpio_pin_set                         0x00000693   Thumb Code    10  nrfunit_device.o(.text)
    nrf_gpio_pin_clear                       0x0000069d   Thumb Code    10  nrfunit_device.o(.text)
    nrf_gpio_pin_read                        0x000006a7   Thumb Code    14  nrfunit_device.o(.text)
    .text                                    0x00000720   Section        0  log4nrf.o(.text)
    .text                                    0x00000788   Section       84  arm_startup_nrf51.o(.text)
    .text                                    0x000007dc   Section        0  system_nrf51.o(.text)
    is_disabled_in_debug_needed              0x000007e5   Thumb Code    52  system_nrf51.o(.text)
    is_manual_peripheral_setup_needed        0x00000819   Thumb Code   104  system_nrf51.o(.text)
    .text                                    0x000008c4   Section        0  nrf_delay.o(.text)
    .text                                    0x000008e0   Section        0  simple_uart.o(.text)
    nrf_gpio_cfg_output                      0x000009c7   Thumb Code    18  simple_uart.o(.text)
    nrf_gpio_cfg_input                       0x000009d9   Thumb Code    20  simple_uart.o(.text)
    .text                                    0x000009fc   Section        0  app_error.o(.text)
    .text                                    0x00000a1c   Section        0  app_gpiote.o(.text)
    sense_level_toggle                       0x00000a1d   Thumb Code   128  app_gpiote.o(.text)
    pins_sense_disable                       0x00000b3b   Thumb Code    98  app_gpiote.o(.text)
    NVIC_SetPriority                         0x00000df3   Thumb Code   110  app_gpiote.o(.text)
    .text                                    0x00000e88   Section        0  app_timer.o(.text)
    NVIC_SetPriority                         0x00000e89   Thumb Code   110  app_timer.o(.text)
    rtc1_init                                0x00000ef7   Thumb Code    18  app_timer.o(.text)
    rtc1_start                               0x00000f09   Thumb Code    48  app_timer.o(.text)
    rtc1_stop                                0x00000f39   Thumb Code    68  app_timer.o(.text)
    timer_list_insert                        0x00000f7d   Thumb Code   212  app_timer.o(.text)
    timer_list_remove                        0x00001051   Thumb Code   184  app_timer.o(.text)
    timer_timeouts_check_sched               0x00001109   Thumb Code    10  app_timer.o(.text)
    timer_list_handler_sched                 0x00001113   Thumb Code    10  app_timer.o(.text)
    timeout_handler_exec                     0x0000111d   Thumb Code    58  app_timer.o(.text)
    timer_timeouts_check                     0x00001157   Thumb Code   132  app_timer.o(.text)
    elapsed_ticks_acquire                    0x000011db   Thumb Code    82  app_timer.o(.text)
    list_deletions_handler                   0x0000122d   Thumb Code   242  app_timer.o(.text)
    expired_timers_handler                   0x0000131f   Thumb Code   100  app_timer.o(.text)
    list_insertions_handler                  0x00001383   Thumb Code   276  app_timer.o(.text)
    compare_reg_update                       0x00001497   Thumb Code   124  app_timer.o(.text)
    timer_list_handler                       0x00001513   Thumb Code    76  app_timer.o(.text)
    user_op_enque                            0x0000155f   Thumb Code     4  app_timer.o(.text)
    user_op_alloc                            0x00001563   Thumb Code    44  app_timer.o(.text)
    timer_start_op_schedule                  0x0000158f   Thumb Code    80  app_timer.o(.text)
    timer_stop_op_schedule                   0x000015df   Thumb Code    58  app_timer.o(.text)
    timer_stop_all_op_schedule               0x00001619   Thumb Code    58  app_timer.o(.text)
    user_id_get                              0x000017dd   Thumb Code    34  app_timer.o(.text)
    NVIC_EnableIRQ                           0x000018db   Thumb Code    14  app_timer.o(.text)
    NVIC_SetPendingIRQ                       0x000018e9   Thumb Code    14  app_timer.o(.text)
    NVIC_ClearPendingIRQ                     0x000018f7   Thumb Code    16  app_timer.o(.text)
    current_int_priority_get                 0x00001907   Thumb Code    84  app_timer.o(.text)
    rtc1_counter_get                         0x0000195b   Thumb Code     6  app_timer.o(.text)
    ticks_diff_get                           0x00001961   Thumb Code    10  app_timer.o(.text)
    .text                                    0x000019a0   Section        0  softdevice_handler.o(.text)
    .text                                    0x00001b38   Section        0  noretval__2printf.o(.text)
    .text                                    0x00001b54   Section        0  __printf.o(.text)
    .text                                    0x00001bc0   Section        0  _printf_str.o(.text)
    .text                                    0x00001c14   Section        0  _printf_dec.o(.text)
    .text                                    0x00001c80   Section        0  strlen.o(.text)
    .text                                    0x00001cc4   Section        0  rt_memclr.o(.text)
    .text                                    0x00001d04   Section        0  heapauxi.o(.text)
    .text                                    0x00001d0a   Section        0  _printf_intcommon.o(.text)
    .text                                    0x00001dba   Section        0  _printf_char.o(.text)
    .text                                    0x00001de8   Section        0  _printf_char_file.o(.text)
    .text                                    0x00001e10   Section        0  rtudiv10.o(.text)
    .text                                    0x00001e38   Section        0  _printf_char_common.o(.text)
    _printf_input_char                       0x00001e39   Thumb Code    10  _printf_char_common.o(.text)
    .text                                    0x00001e68   Section        0  ferror.o(.text)
    .text                                    0x00001e70   Section        0  initio.o(.text)
    .text                                    0x00001fac   Section        0  sys_io.o(.text)
    .text                                    0x00002012   Section       62  sys_stackheap_outer.o(.text)
    .text                                    0x00002050   Section        0  h1_free.o(.text)
    .text                                    0x0000209c   Section        0  setvbuf.o(.text)
    .text                                    0x000020e8   Section        0  fopen.o(.text)
    _freopen_locked                          0x000020e9   Thumb Code     0  fopen.o(.text)
    .text                                    0x000021d0   Section        0  fclose.o(.text)
    .text                                    0x0000221c   Section        0  exit.o(.text)
    .text                                    0x00002228   Section        0  defsig_rtred_outer.o(.text)
    .text                                    0x00002234   Section        8  libspace.o(.text)
    .text                                    0x0000223c   Section        2  use_no_semi.o(.text)
    .text                                    0x0000223e   Section        0  indicate_semi.o(.text)
    .text                                    0x00002240   Section        8  rt_heap_descriptor_intlibspace.o(.text)
    .text                                    0x00002248   Section        0  hguard.o(.text)
    .text                                    0x0000224c   Section        0  init_alloc.o(.text)
    .text                                    0x000022d4   Section        0  h1_alloc.o(.text)
    .text                                    0x00002338   Section        0  fseek.o(.text)
    .text                                    0x0000242c   Section        0  stdio.o(.text)
    .text                                    0x0000251c   Section        0  defsig_exit.o(.text)
    .text                                    0x00002528   Section        0  defsig_rtred_inner.o(.text)
    .text                                    0x0000255c   Section        0  sys_exit.o(.text)
    .text                                    0x00002568   Section        0  h1_init.o(.text)
    .text                                    0x00002576   Section        0  h1_extend.o(.text)
    .text                                    0x000025aa   Section        0  ftell.o(.text)
    .text                                    0x000025ec   Section        0  defsig_general.o(.text)
    .text                                    0x00002620   Section        0  defsig_rtmem_outer.o(.text)
    .text                                    0x0000262c   Section        0  sys_wrch.o(.text)
    .text                                    0x00002638   Section        8  rt_errno_addr_intlibspace.o(.text)
    .text                                    0x00002640   Section        0  defsig_rtmem_inner.o(.text)
    .constdata                               0x00002690   Section        4  sys_io.o(.constdata)
    .constdata                               0x00002694   Section        4  sys_io.o(.constdata)
    .constdata                               0x00002698   Section        4  sys_io.o(.constdata)
    .conststring                             0x0000269c   Section       87  ts_example_another.o(.conststring)
    .data                                    0x20000000   Section       16  nrfunit_device.o(.data)
    .data                                    0x20000010   Section        4  system_nrf51.o(.data)
    __tagsym$$used                           0x20000010   Number         0  system_nrf51.o(.data)
    .data                                    0x20000014   Section       12  app_gpiote.o(.data)
    m_enabled_users_mask                     0x20000014   Data           4  app_gpiote.o(.data)
    m_user_array_size                        0x20000018   Data           1  app_gpiote.o(.data)
    m_user_count                             0x20000019   Data           1  app_gpiote.o(.data)
    mp_users                                 0x2000001c   Data           4  app_gpiote.o(.data)
    .data                                    0x20000020   Section       42  app_timer.o(.data)
    m_node_array_size                        0x20000020   Data           1  app_timer.o(.data)
    mp_nodes                                 0x20000024   Data           4  app_timer.o(.data)
    m_user_array_size                        0x20000028   Data           1  app_timer.o(.data)
    mp_users                                 0x2000002c   Data           4  app_timer.o(.data)
    m_timer_id_head                          0x20000030   Data           4  app_timer.o(.data)
    m_ticks_latest                           0x20000034   Data           4  app_timer.o(.data)
    m_ticks_elapsed                          0x20000038   Data           8  app_timer.o(.data)
    m_ticks_elapsed_q_read_ind               0x20000040   Data           1  app_timer.o(.data)
    m_ticks_elapsed_q_write_ind              0x20000041   Data           1  app_timer.o(.data)
    m_evt_schedule_func                      0x20000044   Data           4  app_timer.o(.data)
    m_rtc1_running                           0x20000048   Data           1  app_timer.o(.data)
    m_rtc1_reset                             0x20000049   Data           1  app_timer.o(.data)
    .data                                    0x2000004c   Section       20  softdevice_handler.o(.data)
    m_evt_schedule_func                      0x2000004c   Data           4  softdevice_handler.o(.data)
    m_evt_buffer                             0x20000050   Data           4  softdevice_handler.o(.data)
    m_ble_evt_buffer_size                    0x20000054   Data           2  softdevice_handler.o(.data)
    m_softdevice_enabled                     0x20000056   Data           1  softdevice_handler.o(.data)
    m_ble_evt_handler                        0x20000058   Data           4  softdevice_handler.o(.data)
    m_sys_evt_handler                        0x2000005c   Data           4  softdevice_handler.o(.data)
    .data                                    0x20000060   Section        4  stdio_streams.o(.data)
    .data                                    0x20000064   Section        4  stdio_streams.o(.data)
    .data                                    0x20000068   Section        4  stdio_streams.o(.data)
    .bss                                     0x2000006c   Section       84  stdio_streams.o(.bss)
    .bss                                     0x200000c0   Section       84  stdio_streams.o(.bss)
    .bss                                     0x20000114   Section       84  stdio_streams.o(.bss)
    .bss                                     0x20000168   Section       96  libspace.o(.bss)
    HEAP                                     0x200001c8   Section     2048  arm_startup_nrf51.o(HEAP)
    Heap_Mem                                 0x200001c8   Data        2048  arm_startup_nrf51.o(HEAP)
    STACK                                    0x200009c8   Section     2048  arm_startup_nrf51.o(STACK)
    Stack_Mem                                0x200009c8   Data        2048  arm_startup_nrf51.o(STACK)
    __initial_sp                             0x200011c8   Data           0  arm_startup_nrf51.o(STACK)

    Global Symbols

    Symbol Name                              Value     Ov Type        Size  Object(Section)

    BuildAttributes$$THM_ISAv3M$S$PE$A:L22$X:L11$S22$IEEE1$IW$USESV6$~STKCKD$USESV7$~SHL$OTIME$ROPI$EBA8$UX$STANDARDLIB$REQ8$PRES8$EABIv2 0x00000000   Number         0  anon$$obj.o ABSOLUTE
    __ARM_use_no_argv                        0x00000000   Number         0  device_main.o ABSOLUTE
    __Vectors                                0x00000000   Data           4  arm_startup_nrf51.o(RESET)
    __ARM_exceptions_init                     - Undefined Weak Reference
    __alloca_initialize                       - Undefined Weak Reference
    __arm_preinit_                            - Undefined Weak Reference
    __cpp_initialize__aeabi_                  - Undefined Weak Reference
    __cxa_finalize                            - Undefined Weak Reference
    __rt_locale                               - Undefined Weak Reference
    __sigvec_lookup                           - Undefined Weak Reference
    __user_heap_extent                        - Undefined Weak Reference
    _atexit_init                              - Undefined Weak Reference
    _call_atexit_fns                          - Undefined Weak Reference
    _clock_init                               - Undefined Weak Reference
    _fp_trap_init                             - Undefined Weak Reference
    _fp_trap_shutdown                         - Undefined Weak Reference
    _get_lc_collate                           - Undefined Weak Reference
    _get_lc_ctype                             - Undefined Weak Reference
    _get_lc_monetary                          - Undefined Weak Reference
    _get_lc_numeric                           - Undefined Weak Reference
    _get_lc_time                              - Undefined Weak Reference
    _getenv_init                              - Undefined Weak Reference
    _handle_redirection                       - Undefined Weak Reference
    _mutex_acquire                            - Undefined Weak Reference
    _mutex_free                               - Undefined Weak Reference
    _mutex_release                            - Undefined Weak Reference
    _printf_mbtowc                            - Undefined Weak Reference
    _printf_post_padding                      - Undefined Weak Reference
    _printf_pre_padding                       - Undefined Weak Reference
    _printf_truncate_signed                   - Undefined Weak Reference
    _printf_truncate_unsigned                 - Undefined Weak Reference
    _rand_init                                - Undefined Weak Reference
    _signal_finish                            - Undefined Weak Reference
    _signal_init                              - Undefined Weak Reference
    assert_nrf_callback                       - Undefined Weak Reference
    __Vectors_End                            0x000000c0   Data           0  arm_startup_nrf51.o(RESET)
    __Vectors_Size                           0x000000c0   Number         0  arm_startup_nrf51.o ABSOLUTE
    __main                                   0x000000c1   Thumb Code     8  __main.o(!!!main)
    __scatterload                            0x000000c9   Thumb Code     0  __scatter.o(!!!scatter)
    __scatterload_rt2                        0x000000c9   Thumb Code    52  __scatter.o(!!!scatter)
    __scatterload_rt2_thumb_only             0x000000c9   Thumb Code     0  __scatter.o(!!!scatter)
    __scatterload_null                       0x000000d9   Thumb Code     0  __scatter.o(!!!scatter)
    __scatterload_copy                       0x00000105   Thumb Code    26  __scatter_copy.o(!!handler_copy)
    __scatterload_zeroinit                   0x00000121   Thumb Code    28  __scatter_zi.o(!!handler_zi)
    _printf_percent                          0x0000013d   Thumb Code     0  _printf_percent.o(.ARM.Collect$$_printf_percent$$00000000)
    _printf_u                                0x0000013f   Thumb Code     0  _printf_u.o(.ARM.Collect$$_printf_percent$$0000000A)
    _printf_s                                0x00000149   Thumb Code     0  _printf_s.o(.ARM.Collect$$_printf_percent$$00000014)
    _printf_percent_end                      0x00000153   Thumb Code     0  _printf_percent_end.o(.ARM.Collect$$_printf_percent$$00000017)
    __rt_lib_init                            0x00000157   Thumb Code     0  libinit.o(.ARM.Collect$$libinit$$00000000)
    __rt_lib_init_fp_1                       0x00000159   Thumb Code     0  libinit2.o(.ARM.Collect$$libinit$$00000002)
    __rt_lib_init_heap_2                     0x00000159   Thumb Code     0  libinit2.o(.ARM.Collect$$libinit$$00000005)
    __rt_lib_init_preinit_1                  0x00000159   Thumb Code     0  libinit2.o(.ARM.Collect$$libinit$$00000004)
    __rt_lib_init_atexit_1                   0x00000161   Thumb Code     0  libinit2.o(.ARM.Collect$$libinit$$0000001B)
    __rt_lib_init_clock_1                    0x00000161   Thumb Code     0  libinit2.o(.ARM.Collect$$libinit$$00000021)
    __rt_lib_init_fp_trap_1                  0x00000161   Thumb Code     0  libinit2.o(.ARM.Collect$$libinit$$0000001F)
    __rt_lib_init_getenv_1                   0x00000161   Thumb Code     0  libinit2.o(.ARM.Collect$$libinit$$00000023)
    __rt_lib_init_heap_1                     0x00000161   Thumb Code     0  libinit2.o(.ARM.Collect$$libinit$$0000000A)
    __rt_lib_init_lc_collate_1               0x00000161   Thumb Code     0  libinit2.o(.ARM.Collect$$libinit$$00000011)
    __rt_lib_init_lc_ctype_1                 0x00000161   Thumb Code     0  libinit2.o(.ARM.Collect$$libinit$$00000013)
    __rt_lib_init_lc_monetary_1              0x00000161   Thumb Code     0  libinit2.o(.ARM.Collect$$libinit$$00000015)
    __rt_lib_init_lc_numeric_1               0x00000161   Thumb Code     0  libinit2.o(.ARM.Collect$$libinit$$00000017)
    __rt_lib_init_lc_time_1                  0x00000161   Thumb Code     0  libinit2.o(.ARM.Collect$$libinit$$00000019)
    __rt_lib_init_rand_1                     0x00000161   Thumb Code     0  libinit2.o(.ARM.Collect$$libinit$$0000000E)
    __rt_lib_init_signal_1                   0x00000161   Thumb Code     0  libinit2.o(.ARM.Collect$$libinit$$0000001D)
    __rt_lib_init_stdio_2                    0x00000161   Thumb Code     0  libinit2.o(.ARM.Collect$$libinit$$00000024)
    __rt_lib_init_user_alloc_1               0x00000161   Thumb Code     0  libinit2.o(.ARM.Collect$$libinit$$0000000C)
    __rt_lib_init_alloca_1                   0x00000165   Thumb Code     0  libinit2.o(.ARM.Collect$$libinit$$0000002E)
    __rt_lib_init_argv_1                     0x00000165   Thumb Code     0  libinit2.o(.ARM.Collect$$libinit$$0000002C)
    __rt_lib_init_cpp_1                      0x00000165   Thumb Code     0  libinit2.o(.ARM.Collect$$libinit$$00000032)
    __rt_lib_init_exceptions_1               0x00000165   Thumb Code     0  libinit2.o(.ARM.Collect$$libinit$$00000030)
    __rt_lib_init_return                     0x00000165   Thumb Code     0  libinit2.o(.ARM.Collect$$libinit$$00000033)
    __rt_lib_init_stdio_1                    0x00000165   Thumb Code     0  libinit2.o(.ARM.Collect$$libinit$$00000025)
    __rt_lib_shutdown                        0x00000167   Thumb Code     0  libshutdown.o(.ARM.Collect$$libshutdown$$00000000)
    __rt_lib_shutdown_stdio_2                0x00000169   Thumb Code     0  libshutdown2.o(.ARM.Collect$$libshutdown$$00000002)
    __rt_lib_shutdown_fp_trap_1              0x0000016d   Thumb Code     0  libshutdown2.o(.ARM.Collect$$libshutdown$$00000006)
    __rt_lib_shutdown_heap_1                 0x0000016d   Thumb Code     0  libshutdown2.o(.ARM.Collect$$libshutdown$$0000000E)
    __rt_lib_shutdown_return                 0x0000016d   Thumb Code     0  libshutdown2.o(.ARM.Collect$$libshutdown$$0000000F)
    __rt_lib_shutdown_signal_1               0x0000016d   Thumb Code     0  libshutdown2.o(.ARM.Collect$$libshutdown$$00000009)
    __rt_lib_shutdown_stdio_1                0x0000016d   Thumb Code     0  libshutdown2.o(.ARM.Collect$$libshutdown$$00000003)
    __rt_lib_shutdown_user_alloc_1           0x0000016d   Thumb Code     0  libshutdown2.o(.ARM.Collect$$libshutdown$$0000000B)
    __rt_entry                               0x0000016f   Thumb Code     0  __rtentry.o(.ARM.Collect$$rtentry$$00000000)
    __rt_entry_presh_1                       0x0000016f   Thumb Code     0  __rtentry2.o(.ARM.Collect$$rtentry$$00000002)
    __rt_entry_sh                            0x0000016f   Thumb Code     0  __rtentry4.o(.ARM.Collect$$rtentry$$00000004)
    __rt_entry_li                            0x00000175   Thumb Code     0  __rtentry2.o(.ARM.Collect$$rtentry$$0000000A)
    __rt_entry_postsh_1                      0x00000175   Thumb Code     0  __rtentry2.o(.ARM.Collect$$rtentry$$00000009)
    __rt_entry_main                          0x00000179   Thumb Code     0  __rtentry2.o(.ARM.Collect$$rtentry$$0000000D)
    __rt_entry_postli_1                      0x00000179   Thumb Code     0  __rtentry2.o(.ARM.Collect$$rtentry$$0000000C)
    __rt_exit                                0x00000181   Thumb Code     0  rtexit.o(.ARM.Collect$$rtexit$$00000000)
    __rt_exit_ls                             0x00000183   Thumb Code     0  rtexit2.o(.ARM.Collect$$rtexit$$00000003)
    __rt_exit_prels_1                        0x00000183   Thumb Code     0  rtexit2.o(.ARM.Collect$$rtexit$$00000002)
    __rt_exit_exit                           0x00000187   Thumb Code     0  rtexit2.o(.ARM.Collect$$rtexit$$00000004)
    __asm___11_nrf_delay_c_532987f3__nrf_delay_us 0x0000018d   Thumb Code    30  nrf_delay.o(.emb_text)
    __asm___13_simple_uart_c_5dda6715__nrf_delay_us 0x000001ad   Thumb Code    30  simple_uart.o(.emb_text)
    __asm___11_app_timer_c_cd27f9c3__nrf_delay_us 0x000001cd   Thumb Code    30  app_timer.o(.emb_text)
    _maybe_terminate_alloc                   0x000001ed   Thumb Code     0  maybetermalloc1.o(.emb_text)
    main                                     0x000001ed   Thumb Code    24  device_main.o(.text)
    all_tests                                0x0000022d   Thumb Code    78  all_tests.o(.text)
    ts_example_basic                         0x0000032f   Thumb Code    78  ts_example_basic.o(.text)
    ts_example_another                       0x000004b3   Thumb Code    78  ts_example_another.o(.text)
    nrfunit_device_init                      0x0000054d   Thumb Code    52  nrfunit_device.o(.text)
    nrfunit_device_main_loop                 0x00000581   Thumb Code   256  nrfunit_device.o(.text)
    fputc                                    0x00000721   Thumb Code    16  log4nrf.o(.text)
    _write                                   0x00000731   Thumb Code    28  log4nrf.o(.text)
    log4nrf_init_with_pins                   0x0000074d   Thumb Code    40  log4nrf.o(.text)
    log4nrf_init                             0x00000775   Thumb Code    20  log4nrf.o(.text)
    Reset_Handler                            0x00000789   Thumb Code    26  arm_startup_nrf51.o(.text)
    NMI_Handler                              0x000007a3   Thumb Code     2  arm_startup_nrf51.o(.text)
    HardFault_Handler                        0x000007a5   Thumb Code     2  arm_startup_nrf51.o(.text)
    SVC_Handler                              0x000007a7   Thumb Code     2  arm_startup_nrf51.o(.text)
    PendSV_Handler                           0x000007a9   Thumb Code     2  arm_startup_nrf51.o(.text)
    SysTick_Handler                          0x000007ab   Thumb Code     2  arm_startup_nrf51.o(.text)
    ADC_IRQHandler                           0x000007ad   Thumb Code     0  arm_startup_nrf51.o(.text)
    CCM_AAR_IRQHandler                       0x000007ad   Thumb Code     0  arm_startup_nrf51.o(.text)
    ECB_IRQHandler                           0x000007ad   Thumb Code     0  arm_startup_nrf51.o(.text)
    LPCOMP_IRQHandler                        0x000007ad   Thumb Code     0  arm_startup_nrf51.o(.text)
    POWER_CLOCK_IRQHandler                   0x000007ad   Thumb Code     0  arm_startup_nrf51.o(.text)
    QDEC_IRQHandler                          0x000007ad   Thumb Code     0  arm_startup_nrf51.o(.text)
    RADIO_IRQHandler                         0x000007ad   Thumb Code     0  arm_startup_nrf51.o(.text)
    RNG_IRQHandler                           0x000007ad   Thumb Code     0  arm_startup_nrf51.o(.text)
    RTC0_IRQHandler                          0x000007ad   Thumb Code     0  arm_startup_nrf51.o(.text)
    SPI0_TWI0_IRQHandler                     0x000007ad   Thumb Code     0  arm_startup_nrf51.o(.text)
    SPI1_TWI1_IRQHandler                     0x000007ad   Thumb Code     0  arm_startup_nrf51.o(.text)
    SWI1_IRQHandler                          0x000007ad   Thumb Code     0  arm_startup_nrf51.o(.text)
    SWI3_IRQHandler                          0x000007ad   Thumb Code     0  arm_startup_nrf51.o(.text)
    SWI4_IRQHandler                          0x000007ad   Thumb Code     0  arm_startup_nrf51.o(.text)
    SWI5_IRQHandler                          0x000007ad   Thumb Code     0  arm_startup_nrf51.o(.text)
    TEMP_IRQHandler                          0x000007ad   Thumb Code     0  arm_startup_nrf51.o(.text)
    TIMER0_IRQHandler                        0x000007ad   Thumb Code     0  arm_startup_nrf51.o(.text)
    TIMER1_IRQHandler                        0x000007ad   Thumb Code     0  arm_startup_nrf51.o(.text)
    TIMER2_IRQHandler                        0x000007ad   Thumb Code     0  arm_startup_nrf51.o(.text)
    UART0_IRQHandler                         0x000007ad   Thumb Code     0  arm_startup_nrf51.o(.text)
    WDT_IRQHandler                           0x000007ad   Thumb Code     0  arm_startup_nrf51.o(.text)
    __user_initial_stackheap                 0x000007b1   Thumb Code     0  arm_startup_nrf51.o(.text)
    SystemCoreClockUpdate                    0x000007dd   Thumb Code     8  system_nrf51.o(.text)
    SystemInit                               0x00000881   Thumb Code    38  system_nrf51.o(.text)
    nrf_delay_ms                             0x000008c5   Thumb Code    24  nrf_delay.o(.text)
    simple_uart_get                          0x000008e1   Thumb Code    24  simple_uart.o(.text)
    simple_uart_get_with_timeout             0x000008f9   Thumb Code    62  simple_uart.o(.text)
    simple_uart_put                          0x00000937   Thumb Code    22  simple_uart.o(.text)
    simple_uart_putstring                    0x0000094d   Thumb Code    32  simple_uart.o(.text)
    simple_uart_config                       0x0000096d   Thumb Code    90  simple_uart.o(.text)
    app_error_handler                        0x000009fd   Thumb Code    22  app_error.o(.text)
    GPIOTE_IRQHandler                        0x00000a9d   Thumb Code   158  app_gpiote.o(.text)
    app_gpiote_init                          0x00000b9d   Thumb Code   116  app_gpiote.o(.text)
    app_gpiote_user_register                 0x00000c11   Thumb Code   138  app_gpiote.o(.text)
    app_gpiote_user_enable                   0x00000c9b   Thumb Code   226  app_gpiote.o(.text)
    app_gpiote_user_disable                  0x00000d7d   Thumb Code    66  app_gpiote.o(.text)
    app_gpiote_pins_state_get                0x00000dbf   Thumb Code    52  app_gpiote.o(.text)
    RTC1_IRQHandler                          0x00001653   Thumb Code    34  app_timer.o(.text)
    SWI0_IRQHandler                          0x00001675   Thumb Code     8  app_timer.o(.text)
    app_timer_init                           0x0000167d   Thumb Code   244  app_timer.o(.text)
    app_timer_create                         0x00001771   Thumb Code   108  app_timer.o(.text)
    app_timer_start                          0x000017ff   Thumb Code    98  app_timer.o(.text)
    app_timer_stop                           0x00001861   Thumb Code    60  app_timer.o(.text)
    app_timer_stop_all                       0x0000189d   Thumb Code    26  app_timer.o(.text)
    app_timer_cnt_get                        0x000018b7   Thumb Code    14  app_timer.o(.text)
    app_timer_cnt_diff_compute               0x000018c5   Thumb Code    22  app_timer.o(.text)
    softdevice_assertion_handler             0x000019a1   Thumb Code    18  softdevice_handler.o(.text)
    intern_softdevice_events_execute         0x000019b3   Thumb Code   168  softdevice_handler.o(.text)
    softdevice_handler_init                  0x00001a5b   Thumb Code    84  softdevice_handler.o(.text)
    softdevice_handler_sd_disable            0x00001aaf   Thumb Code    24  softdevice_handler.o(.text)
    softdevice_ble_evt_handler_set           0x00001ac7   Thumb Code    18  softdevice_handler.o(.text)
    softdevice_sys_evt_handler_set           0x00001ad9   Thumb Code    18  softdevice_handler.o(.text)
    SWI2_IRQHandler                          0x00001aeb   Thumb Code    50  softdevice_handler.o(.text)
    __2printf                                0x00001b39   Thumb Code    22  noretval__2printf.o(.text)
    __printf                                 0x00001b55   Thumb Code   108  __printf.o(.text)
    _printf_str                              0x00001bc1   Thumb Code    82  _printf_str.o(.text)
    _printf_int_dec                          0x00001c15   Thumb Code    90  _printf_dec.o(.text)
    strlen                                   0x00001c81   Thumb Code    62  strlen.o(.text)
    _memset_w                                0x00001cc5   Thumb Code    26  rt_memclr.o(.text)
    _memset                                  0x00001cdf   Thumb Code    30  rt_memclr.o(.text)
    __aeabi_memclr                           0x00001cfd   Thumb Code     4  rt_memclr.o(.text)
    __rt_memclr                              0x00001cfd   Thumb Code     0  rt_memclr.o(.text)
    __aeabi_memclr4                          0x00001d01   Thumb Code     0  rt_memclr.o(.text)
    __aeabi_memclr8                          0x00001d01   Thumb Code     0  rt_memclr.o(.text)
    __rt_memclr_w                            0x00001d01   Thumb Code     4  rt_memclr.o(.text)
    __use_two_region_memory                  0x00001d05   Thumb Code     2  heapauxi.o(.text)
    __rt_heap_escrow                         0x00001d07   Thumb Code     2  heapauxi.o(.text)
    __rt_heap_expand                         0x00001d09   Thumb Code     2  heapauxi.o(.text)
    _printf_int_common                       0x00001d0b   Thumb Code   176  _printf_intcommon.o(.text)
    _printf_cs_common                        0x00001dbb   Thumb Code    22  _printf_char.o(.text)
    _printf_char                             0x00001dd1   Thumb Code    16  _printf_char.o(.text)
    _printf_string                           0x00001de1   Thumb Code     8  _printf_char.o(.text)
    _printf_char_file                        0x00001de9   Thumb Code    34  _printf_char_file.o(.text)
    __rt_udiv10                              0x00001e11   Thumb Code    40  rtudiv10.o(.text)
    _printf_char_common                      0x00001e43   Thumb Code    32  _printf_char_common.o(.text)
    ferror                                   0x00001e69   Thumb Code     8  ferror.o(.text)
    _initio                                  0x00001e71   Thumb Code   216  initio.o(.text)
    _terminateio                             0x00001f49   Thumb Code    56  initio.o(.text)
    _sys_open                                0x00001fad   Thumb Code    20  sys_io.o(.text)
    _sys_close                               0x00001fc1   Thumb Code    12  sys_io.o(.text)
    _sys_write                               0x00001fcd   Thumb Code    16  sys_io.o(.text)
    _sys_read                                0x00001fdd   Thumb Code    14  sys_io.o(.text)
    _sys_istty                               0x00001feb   Thumb Code    12  sys_io.o(.text)
    _sys_seek                                0x00001ff7   Thumb Code    14  sys_io.o(.text)
    _sys_ensure                              0x00002005   Thumb Code     2  sys_io.o(.text)
    _sys_flen                                0x00002007   Thumb Code    12  sys_io.o(.text)
    __user_setup_stackheap                   0x00002013   Thumb Code    62  sys_stackheap_outer.o(.text)
    free                                     0x00002051   Thumb Code    76  h1_free.o(.text)
    setvbuf                                  0x0000209d   Thumb Code    72  setvbuf.o(.text)
    freopen                                  0x000020e9   Thumb Code   148  fopen.o(.text)
    fopen                                    0x0000217d   Thumb Code    76  fopen.o(.text)
    _fclose_internal                         0x000021d1   Thumb Code    72  fclose.o(.text)
    fclose                                   0x000021d1   Thumb Code     0  fclose.o(.text)
    exit                                     0x0000221d   Thumb Code    12  exit.o(.text)
    __rt_SIGRTRED                            0x00002229   Thumb Code    12  defsig_rtred_outer.o(.text)
    __user_libspace                          0x00002235   Thumb Code     8  libspace.o(.text)
    __user_perproc_libspace                  0x00002235   Thumb Code     0  libspace.o(.text)
    __user_perthread_libspace                0x00002235   Thumb Code     0  libspace.o(.text)
    __I$use$semihosting                      0x0000223d   Thumb Code     0  use_no_semi.o(.text)
    __use_no_semihosting_swi                 0x0000223d   Thumb Code     2  use_no_semi.o(.text)
    __semihosting_library_function           0x0000223f   Thumb Code     0  indicate_semi.o(.text)
    __rt_heap_descriptor                     0x00002241   Thumb Code     8  rt_heap_descriptor_intlibspace.o(.text)
    __use_no_heap                            0x00002249   Thumb Code     2  hguard.o(.text)
    __heap$guard                             0x0000224b   Thumb Code     2  hguard.o(.text)
    _terminate_user_alloc                    0x0000224d   Thumb Code     2  init_alloc.o(.text)
    _init_user_alloc                         0x0000224f   Thumb Code     2  init_alloc.o(.text)
    __Heap_Full                              0x00002251   Thumb Code    32  init_alloc.o(.text)
    __Heap_Broken                            0x00002271   Thumb Code    10  init_alloc.o(.text)
    _init_alloc                              0x0000227b   Thumb Code    90  init_alloc.o(.text)
    malloc                                   0x000022d5   Thumb Code    98  h1_alloc.o(.text)
    _fseek                                   0x00002339   Thumb Code   240  fseek.o(.text)
    fseek                                    0x00002339   Thumb Code     0  fseek.o(.text)
    _seterr                                  0x0000242d   Thumb Code    20  stdio.o(.text)
    _writebuf                                0x00002441   Thumb Code    76  stdio.o(.text)
    _fflush                                  0x0000248d   Thumb Code    76  stdio.o(.text)
    _deferredlazyseek                        0x000024d9   Thumb Code    60  stdio.o(.text)
    __sig_exit                               0x0000251d   Thumb Code    12  defsig_exit.o(.text)
    __rt_SIGRTRED_inner                      0x00002529   Thumb Code    14  defsig_rtred_inner.o(.text)
    _sys_exit                                0x0000255d   Thumb Code     8  sys_exit.o(.text)
    __Heap_Initialize                        0x00002569   Thumb Code    10  h1_init.o(.text)
    __Heap_DescSize                          0x00002573   Thumb Code     4  h1_init.o(.text)
    __Heap_ProvideMemory                     0x00002577   Thumb Code    52  h1_extend.o(.text)
    _ftell_internal                          0x000025ab   Thumb Code    66  ftell.o(.text)
    ftell                                    0x000025ab   Thumb Code     0  ftell.o(.text)
    __default_signal_display                 0x000025ed   Thumb Code    52  defsig_general.o(.text)
    __rt_SIGRTMEM                            0x00002621   Thumb Code    12  defsig_rtmem_outer.o(.text)
    _ttywrch                                 0x0000262d   Thumb Code    12  sys_wrch.o(.text)
    __aeabi_errno_addr                       0x00002639   Thumb Code     8  rt_errno_addr_intlibspace.o(.text)
    __errno$intlibspace                      0x00002639   Thumb Code     0  rt_errno_addr_intlibspace.o(.text)
    __rt_errno_addr$intlibspace              0x00002639   Thumb Code     0  rt_errno_addr_intlibspace.o(.text)
    __rt_SIGRTMEM_inner                      0x00002641   Thumb Code    22  defsig_rtmem_inner.o(.text)
    __stdin_name                             0x00002690   Data           4  sys_io.o(.constdata)
    __stdout_name                            0x00002694   Data           4  sys_io.o(.constdata)
    __stderr_name                            0x00002698   Data           4  sys_io.o(.constdata)
    Region$$Table$$Base                      0x000026f4   Number         0  anon$$obj.o(Region$$Table)
    Region$$Table$$Limit                     0x00002714   Number         0  anon$$obj.o(Region$$Table)
    test_suites_run                          0x20000000   Data           4  nrfunit_device.o(.data)
    tests_run                                0x20000004   Data           4  nrfunit_device.o(.data)
    asserts_run                              0x20000008   Data           4  nrfunit_device.o(.data)
    asserts_failed                           0x2000000c   Data           4  nrfunit_device.o(.data)
    SystemCoreClock                          0x20000010   Data           4  system_nrf51.o(.data)
    __aeabi_stdin                            0x20000060   Data           4  stdio_streams.o(.data)
    __aeabi_stdout                           0x20000064   Data           4  stdio_streams.o(.data)
    __aeabi_stderr                           0x20000068   Data           4  stdio_streams.o(.data)
    __stdin                                  0x2000006c   Data          84  stdio_streams.o(.bss)
    __stdout                                 0x200000c0   Data          84  stdio_streams.o(.bss)
    __stderr                                 0x20000114   Data          84  stdio_streams.o(.bss)
    __libspace_start                         0x20000168   Data          96  libspace.o(.bss)
    __temporary_stack_top$libspace           0x200001c8   Data           0  libspace.o(.bss)



==============================================================================

Memory Map of the image

  Image Entry point : 0x00000789

  Load Region LR_1 (Base: 0x00000000, Size: 0x00002780, Max: 0xffffffff, ABSOLUTE)

    Execution Region ER_RO (Base: 0x00000000, Size: 0x00002714, Max: 0xffffffff, ABSOLUTE)

    Base Addr    Size         Type   Attr      Idx    E Section Name        Object

    0x00000000   0x000000c0   Data   RO          264    RESET               arm_startup_nrf51.o
    0x000000c0   0x00000008   Code   RO          720  * !!!main             c_p.l(__main.o)
    0x000000c8   0x0000003c   Code   RO         1052    !!!scatter          c_p.l(__scatter.o)
    0x00000104   0x0000001a   Code   RO         1054    !!handler_copy      c_p.l(__scatter_copy.o)
    0x0000011e   0x00000002   PAD
    0x00000120   0x0000001c   Code   RO         1056    !!handler_zi        c_p.l(__scatter_zi.o)
    0x0000013c   0x00000002   Code   RO          705    .ARM.Collect$$_printf_percent$$00000000  c_p.l(_printf_percent.o)
    0x0000013e   0x0000000a   Code   RO          704    .ARM.Collect$$_printf_percent$$0000000A  c_p.l(_printf_u.o)
    0x00000148   0x0000000a   Code   RO          703    .ARM.Collect$$_printf_percent$$00000014  c_p.l(_printf_s.o)
    0x00000152   0x00000004   Code   RO          733    .ARM.Collect$$_printf_percent$$00000017  c_p.l(_printf_percent_end.o)
    0x00000156   0x00000002   Code   RO          863    .ARM.Collect$$libinit$$00000000  c_p.l(libinit.o)
    0x00000158   0x00000000   Code   RO          865    .ARM.Collect$$libinit$$00000002  c_p.l(libinit2.o)
    0x00000158   0x00000000   Code   RO          867    .ARM.Collect$$libinit$$00000004  c_p.l(libinit2.o)
    0x00000158   0x00000008   Code   RO          868    .ARM.Collect$$libinit$$00000005  c_p.l(libinit2.o)
    0x00000160   0x00000000   Code   RO          870    .ARM.Collect$$libinit$$0000000A  c_p.l(libinit2.o)
    0x00000160   0x00000000   Code   RO          872    .ARM.Collect$$libinit$$0000000C  c_p.l(libinit2.o)
    0x00000160   0x00000000   Code   RO          874    .ARM.Collect$$libinit$$0000000E  c_p.l(libinit2.o)
    0x00000160   0x00000000   Code   RO          877    .ARM.Collect$$libinit$$00000011  c_p.l(libinit2.o)
    0x00000160   0x00000000   Code   RO          879    .ARM.Collect$$libinit$$00000013  c_p.l(libinit2.o)
    0x00000160   0x00000000   Code   RO          881    .ARM.Collect$$libinit$$00000015  c_p.l(libinit2.o)
    0x00000160   0x00000000   Code   RO          883    .ARM.Collect$$libinit$$00000017  c_p.l(libinit2.o)
    0x00000160   0x00000000   Code   RO          885    .ARM.Collect$$libinit$$00000019  c_p.l(libinit2.o)
    0x00000160   0x00000000   Code   RO          887    .ARM.Collect$$libinit$$0000001B  c_p.l(libinit2.o)
    0x00000160   0x00000000   Code   RO          889    .ARM.Collect$$libinit$$0000001D  c_p.l(libinit2.o)
    0x00000160   0x00000000   Code   RO          891    .ARM.Collect$$libinit$$0000001F  c_p.l(libinit2.o)
    0x00000160   0x00000000   Code   RO          893    .ARM.Collect$$libinit$$00000021  c_p.l(libinit2.o)
    0x00000160   0x00000000   Code   RO          895    .ARM.Collect$$libinit$$00000023  c_p.l(libinit2.o)
    0x00000160   0x00000004   Code   RO          896    .ARM.Collect$$libinit$$00000024  c_p.l(libinit2.o)
    0x00000164   0x00000000   Code   RO          897    .ARM.Collect$$libinit$$00000025  c_p.l(libinit2.o)
    0x00000164   0x00000000   Code   RO          901    .ARM.Collect$$libinit$$0000002C  c_p.l(libinit2.o)
    0x00000164   0x00000000   Code   RO          903    .ARM.Collect$$libinit$$0000002E  c_p.l(libinit2.o)
    0x00000164   0x00000000   Code   RO          905    .ARM.Collect$$libinit$$00000030  c_p.l(libinit2.o)
    0x00000164   0x00000000   Code   RO          907    .ARM.Collect$$libinit$$00000032  c_p.l(libinit2.o)
    0x00000164   0x00000002   Code   RO          908    .ARM.Collect$$libinit$$00000033  c_p.l(libinit2.o)
    0x00000166   0x00000002   Code   RO         1033    .ARM.Collect$$libshutdown$$00000000  c_p.l(libshutdown.o)
    0x00000168   0x00000004   Code   RO          910    .ARM.Collect$$libshutdown$$00000002  c_p.l(libshutdown2.o)
    0x0000016c   0x00000000   Code   RO          911    .ARM.Collect$$libshutdown$$00000003  c_p.l(libshutdown2.o)
    0x0000016c   0x00000000   Code   RO          914    .ARM.Collect$$libshutdown$$00000006  c_p.l(libshutdown2.o)
    0x0000016c   0x00000000   Code   RO          917    .ARM.Collect$$libshutdown$$00000009  c_p.l(libshutdown2.o)
    0x0000016c   0x00000000   Code   RO          919    .ARM.Collect$$libshutdown$$0000000B  c_p.l(libshutdown2.o)
    0x0000016c   0x00000000   Code   RO          922    .ARM.Collect$$libshutdown$$0000000E  c_p.l(libshutdown2.o)
    0x0000016c   0x00000002   Code   RO          923    .ARM.Collect$$libshutdown$$0000000F  c_p.l(libshutdown2.o)
    0x0000016e   0x00000000   Code   RO          722    .ARM.Collect$$rtentry$$00000000  c_p.l(__rtentry.o)
    0x0000016e   0x00000000   Code   RO          743    .ARM.Collect$$rtentry$$00000002  c_p.l(__rtentry2.o)
    0x0000016e   0x00000006   Code   RO          755    .ARM.Collect$$rtentry$$00000004  c_p.l(__rtentry4.o)
    0x00000174   0x00000000   Code   RO          745    .ARM.Collect$$rtentry$$00000009  c_p.l(__rtentry2.o)
    0x00000174   0x00000004   Code   RO          746    .ARM.Collect$$rtentry$$0000000A  c_p.l(__rtentry2.o)
    0x00000178   0x00000000   Code   RO          748    .ARM.Collect$$rtentry$$0000000C  c_p.l(__rtentry2.o)
    0x00000178   0x00000008   Code   RO          749    .ARM.Collect$$rtentry$$0000000D  c_p.l(__rtentry2.o)
    0x00000180   0x00000002   Code   RO          931    .ARM.Collect$$rtexit$$00000000  c_p.l(rtexit.o)
    0x00000182   0x00000000   Code   RO          979    .ARM.Collect$$rtexit$$00000002  c_p.l(rtexit2.o)
    0x00000182   0x00000004   Code   RO          980    .ARM.Collect$$rtexit$$00000003  c_p.l(rtexit2.o)
    0x00000186   0x00000006   Code   RO          981    .ARM.Collect$$rtexit$$00000004  c_p.l(rtexit2.o)
    0x0000018c   0x0000001e   Code   RO          400    .emb_text           nrf_delay.o
    0x000001aa   0x00000002   PAD
    0x000001ac   0x0000001e   Code   RO          427    .emb_text           simple_uart.o
    0x000001ca   0x00000002   PAD
    0x000001cc   0x0000001e   Code   RO          595    .emb_text           app_timer.o
    0x000001ea   0x00000002   PAD
    0x000001ec   0x00000000   Code   RO          985    .emb_text           c_p.l(maybetermalloc1.o)
    0x000001ec   0x00000040   Code   RO            1    .text               device_main.o
    0x0000022c   0x0000008c   Code   RO           22    .text               all_tests.o
    0x000002b8   0x000001cc   Code   RO           44    .text               ts_example_basic.o
    0x00000484   0x000000c8   Code   RO           56    .text               ts_example_another.o
    0x0000054c   0x000001d4   Code   RO           72    .text               nrfunit_device.o
    0x00000720   0x00000068   Code   RO          161    .text               log4nrf.o
    0x00000788   0x00000054   Code   RO          265  * .text               arm_startup_nrf51.o
    0x000007dc   0x000000e8   Code   RO          271    .text               system_nrf51.o
    0x000008c4   0x0000001c   Code   RO          401    .text               nrf_delay.o
    0x000008e0   0x0000011c   Code   RO          428    .text               simple_uart.o
    0x000009fc   0x00000020   Code   RO          501    .text               app_error.o
    0x00000a1c   0x0000046c   Code   RO          524    .text               app_gpiote.o
    0x00000e88   0x00000b18   Code   RO          596    .text               app_timer.o
    0x000019a0   0x00000198   Code   RO          633    .text               softdevice_handler.o
    0x00001b38   0x0000001c   Code   RO          675    .text               c_p.l(noretval__2printf.o)
    0x00001b54   0x0000006c   Code   RO          677    .text               c_p.l(__printf.o)
    0x00001bc0   0x00000052   Code   RO          679    .text               c_p.l(_printf_str.o)
    0x00001c12   0x00000002   PAD
    0x00001c14   0x0000006c   Code   RO          681    .text               c_p.l(_printf_dec.o)
    0x00001c80   0x00000044   Code   RO          706    .text               c_p.l(strlen.o)
    0x00001cc4   0x00000040   Code   RO          712    .text               c_p.l(rt_memclr.o)
    0x00001d04   0x00000006   Code   RO          718    .text               c_p.l(heapauxi.o)
    0x00001d0a   0x000000b0   Code   RO          727    .text               c_p.l(_printf_intcommon.o)
    0x00001dba   0x0000002e   Code   RO          729    .text               c_p.l(_printf_char.o)
    0x00001de8   0x00000028   Code   RO          731    .text               c_p.l(_printf_char_file.o)
    0x00001e10   0x00000028   Code   RO          740    .text               c_p.l(rtudiv10.o)
    0x00001e38   0x00000030   Code   RO          759    .text               c_p.l(_printf_char_common.o)
    0x00001e68   0x00000008   Code   RO          761    .text               c_p.l(ferror.o)
    0x00001e70   0x0000013c   Code   RO          763    .text               c_p.l(initio.o)
    0x00001fac   0x00000066   Code   RO          769    .text               c_p.l(sys_io.o)
    0x00002012   0x0000003e   Code   RO          776    .text               c_p.l(sys_stackheap_outer.o)
    0x00002050   0x0000004c   Code   RO          781    .text               c_p.l(h1_free.o)
    0x0000209c   0x0000004c   Code   RO          837    .text               c_p.l(setvbuf.o)
    0x000020e8   0x000000e8   Code   RO          840    .text               c_p.l(fopen.o)
    0x000021d0   0x0000004c   Code   RO          842    .text               c_p.l(fclose.o)
    0x0000221c   0x0000000c   Code   RO          848    .text               c_p.l(exit.o)
    0x00002228   0x0000000c   Code   RO          854    .text               c_p.l(defsig_rtred_outer.o)
    0x00002234   0x00000008   Code   RO          924    .text               c_p.l(libspace.o)
    0x0000223c   0x00000002   Code   RO          927    .text               c_p.l(use_no_semi.o)
    0x0000223e   0x00000000   Code   RO          929    .text               c_p.l(indicate_semi.o)
    0x0000223e   0x00000002   PAD
    0x00002240   0x00000008   Code   RO          938    .text               c_p.l(rt_heap_descriptor_intlibspace.o)
    0x00002248   0x00000004   Code   RO          940    .text               c_p.l(hguard.o)
    0x0000224c   0x00000088   Code   RO          942    .text               c_p.l(init_alloc.o)
    0x000022d4   0x00000062   Code   RO          948    .text               c_p.l(h1_alloc.o)
    0x00002336   0x00000002   PAD
    0x00002338   0x000000f4   Code   RO          962    .text               c_p.l(fseek.o)
    0x0000242c   0x000000f0   Code   RO          964    .text               c_p.l(stdio.o)
    0x0000251c   0x0000000c   Code   RO          966    .text               c_p.l(defsig_exit.o)
    0x00002528   0x00000034   Code   RO          970    .text               c_p.l(defsig_rtred_inner.o)
    0x0000255c   0x0000000c   Code   RO          976    .text               c_p.l(sys_exit.o)
    0x00002568   0x0000000e   Code   RO          987    .text               c_p.l(h1_init.o)
    0x00002576   0x00000034   Code   RO          989    .text               c_p.l(h1_extend.o)
    0x000025aa   0x00000042   Code   RO          995    .text               c_p.l(ftell.o)
    0x000025ec   0x00000034   Code   RO          999    .text               c_p.l(defsig_general.o)
    0x00002620   0x0000000c   Code   RO         1001    .text               c_p.l(defsig_rtmem_outer.o)
    0x0000262c   0x0000000c   Code   RO         1014    .text               c_p.l(sys_wrch.o)
    0x00002638   0x00000008   Code   RO         1021    .text               c_p.l(rt_errno_addr_intlibspace.o)
    0x00002640   0x00000050   Code   RO         1027    .text               c_p.l(defsig_rtmem_inner.o)
    0x00002690   0x00000004   Data   RO          770    .constdata          c_p.l(sys_io.o)
    0x00002694   0x00000004   Data   RO          771    .constdata          c_p.l(sys_io.o)
    0x00002698   0x00000004   Data   RO          772    .constdata          c_p.l(sys_io.o)
    0x0000269c   0x00000057   Data   RO           57    .conststring        ts_example_another.o
    0x000026f3   0x00000001   PAD
    0x000026f4   0x00000020   Data   RO         1050    Region$$Table       anon$$obj.o


    Execution Region ER_RW (Base: 0x20000000, Size: 0x0000006c, Max: 0xffffffff, ABSOLUTE)

    Base Addr    Size         Type   Attr      Idx    E Section Name        Object

    0x20000000   0x00000010   Data   RW           73    .data               nrfunit_device.o
    0x20000010   0x00000004   Data   RW          272    .data               system_nrf51.o
    0x20000014   0x0000000c   Data   RW          525    .data               app_gpiote.o
    0x20000020   0x0000002a   Data   RW          597    .data               app_timer.o
    0x2000004a   0x00000002   PAD
    0x2000004c   0x00000014   Data   RW          634    .data               softdevice_handler.o
    0x20000060   0x00000004   Data   RW          737    .data               c_p.l(stdio_streams.o)
    0x20000064   0x00000004   Data   RW          738    .data               c_p.l(stdio_streams.o)
    0x20000068   0x00000004   Data   RW          739    .data               c_p.l(stdio_streams.o)


    Execution Region ER_ZI (Base: 0x2000006c, Size: 0x0000115c, Max: 0xffffffff, ABSOLUTE)

    Base Addr    Size         Type   Attr      Idx    E Section Name        Object

    0x2000006c   0x00000054   Zero   RW          734    .bss                c_p.l(stdio_streams.o)
    0x200000c0   0x00000054   Zero   RW          735    .bss                c_p.l(stdio_streams.o)
    0x20000114   0x00000054   Zero   RW          736    .bss                c_p.l(stdio_streams.o)
    0x20000168   0x00000060   Zero   RW          925    .bss                c_p.l(libspace.o)
    0x200001c8   0x00000800   Zero   RW          263    HEAP                arm_startup_nrf51.o
    0x200009c8   0x00000800   Zero   RW          262    STACK               arm_startup_nrf51.o


==============================================================================

Image component sizes


      Code (inc. data)   RO Data    RW Data    ZI Data      Debug   Object Name

       140         62          0          0          0        624   all_tests.o
         0          0          0          0          0       3104   app_button.o
        32         10          0          0          0       6860   app_error.o
      1132         40          0         12          0      12258   app_gpiote.o
         0          0          0          0          0       1504   app_scheduler.o
      2870        160          0         42          0      20345   app_timer.o
        84         36        192          0       4096        672   arm_startup_nrf51.o
         0          0          0          0          0       9748   ble_advdata.o
         0          0          0          0          0      17424   ble_srv_common.o
        64         40          0          0          0       3207   device_main.o
       104          0          0          0          0       1351   log4nrf.o
        58          4          0          0          0       1483   nrf_delay.o
       468        108          0         16          0      24122   nrfunit_device.o
       314         16          0          0          0       5116   simple_uart.o
       408         28          0         20          0       8280   softdevice_handler.o
       232         30          0          4          0       1289   system_nrf51.o
       200         76         87          0          0        885   ts_example_another.o
       460        264          0          0          0       1215   ts_example_basic.o

    ----------------------------------------------------------------------
      6572        874        312         96       4096     119487   Object Totals
         0          0         32          0          0          0   (incl. Generated)
         6          0          1          2          0          0   (incl. Padding)

    ----------------------------------------------------------------------

      Code (inc. data)   RO Data    RW Data    ZI Data      Debug   Library Member Name

         8          0          0          0          0         68   __main.o
       108          0          0          0          0         76   __printf.o
         0          0          0          0          0          0   __rtentry.o
        12          0          0          0          0          0   __rtentry2.o
         6          0          0          0          0          0   __rtentry4.o
        60          8          0          0          0          0   __scatter.o
        26          0          0          0          0          0   __scatter_copy.o
        28          0          0          0          0          0   __scatter_zi.o
        46          0          0          0          0        100   _printf_char.o
        48          6          0          0          0         88   _printf_char_common.o
        40          6          0          0          0         72   _printf_char_file.o
       108         18          0          0          0         76   _printf_dec.o
       176          0          0          0          0         84   _printf_intcommon.o
         2          0          0          0          0          0   _printf_percent.o
         4          0          0          0          0          0   _printf_percent_end.o
        10          0          0          0          0          0   _printf_s.o
        82          0          0          0          0         72   _printf_str.o
        10          0          0          0          0          0   _printf_u.o
        12          0          0          0          0         68   defsig_exit.o
        52          0          0          0          0         72   defsig_general.o
        80         58          0          0          0         68   defsig_rtmem_inner.o
        12          0          0          0          0         68   defsig_rtmem_outer.o
        52         38          0          0          0         68   defsig_rtred_inner.o
        12          0          0          0          0         68   defsig_rtred_outer.o
        12          0          0          0          0         64   exit.o
        76          4          0          0          0         76   fclose.o
         8          0          0          0          0         60   ferror.o
       232          8          0          0          0        108   fopen.o
       244          4          0          0          0         76   fseek.o
        66          0          0          0          0         68   ftell.o
        98          0          0          0          0         72   h1_alloc.o
        52          0          0          0          0         68   h1_extend.o
        76          0          0          0          0         72   h1_free.o
        14          0          0          0          0         76   h1_init.o
         6          0          0          0          0        136   heapauxi.o
         4          0          0          0          0        120   hguard.o
         0          0          0          0          0          0   indicate_semi.o
       136          0          0          0          0        160   init_alloc.o
       316         44          0          0          0         96   initio.o
         2          0          0          0          0          0   libinit.o
        14          0          0          0          0          0   libinit2.o
         2          0          0          0          0          0   libshutdown.o
         6          0          0          0          0          0   libshutdown2.o
         8          4          0          0         96         68   libspace.o
         0          0          0          0          0          0   maybetermalloc1.o
        28          6          0          0          0         84   noretval__2printf.o
         8          4          0          0          0         68   rt_errno_addr_intlibspace.o
         8          4          0          0          0         68   rt_heap_descriptor_intlibspace.o
        64          0          0          0          0        108   rt_memclr.o
         2          0          0          0          0          0   rtexit.o
        10          0          0          0          0          0   rtexit2.o
        40          0          0          0          0         60   rtudiv10.o
        76          4          0          0          0         72   setvbuf.o
       240          8          0          0          0        144   stdio.o
         0          0          0         12        252          0   stdio_streams.o
        68          6          0          0          0         72   strlen.o
        12          4          0          0          0         60   sys_exit.o
       102          0         12          0          0        232   sys_io.o
        62          0          0          0          0         80   sys_stackheap_outer.o
        12          0          0          0          0         68   sys_wrch.o
         2          0          0          0          0         68   use_no_semi.o

    ----------------------------------------------------------------------
      3108        234         12         12        348       3552   Library Totals
         8          0          0          0          0          0   (incl. Padding)

    ----------------------------------------------------------------------

      Code (inc. data)   RO Data    RW Data    ZI Data      Debug   Library Name

      3100        234         12         12        348       3552   c_p.l

    ----------------------------------------------------------------------
      3108        234         12         12        348       3552   Library Totals

    ----------------------------------------------------------------------

==============================================================================


      Code (inc. data)   RO Data    RW Data    ZI Data      Debug   

      9680       1108        324        108       4444     120531   Grand Totals
      9680       1108        324        108       4444     120531   ELF Image Totals
      9680       1108        324        108          0          0   ROM Totals

==============================================================================

    Total RO  Size (Code + RO Data)                10004 (   9.77kB)
    Total RW  Size (RW Data + ZI Data)              4552 (   4.45kB)
    Total ROM Size (Code + RO Data + RW Data)      10112 (   9.88kB)

==============================================================================

